
> portfolio-3d@1.0.0 build
> vite build

